// Jest Snapshot v1, https://goo.gl/fbAQLP

exports[`should take a snapshot 1`] = `
<DocumentFragment>
  <div>
    <h1>
      Ready to do some Maths?
    </h1>
    <div
      class="class1"
    >
      <h1
        class="display"
      >
        0
      </h1>
      <div
        class="button-row"
      >
        <button
          class="button"
          type="button"
        >
          AC
        </button>
        <button
          class="button"
          type="button"
        >
          +/-
        </button>
        <button
          class="button"
          type="button"
        >
          %
        </button>
        <button
          class="button"
          style="background-color: orange;"
          type="button"
        >
          /
        </button>
      </div>
      <div
        class="button-row"
      >
        <button
          class="button"
          type="button"
        >
          7
        </button>
        <button
          class="button"
          type="button"
        >
          8
        </button>
        <button
          class="button"
          type="button"
        >
          9
        </button>
        <button
          class="button"
          style="background-color: orange;"
          type="button"
        >
          X
        </button>
      </div>
      <div
        class="button-row"
      >
        <button
          class="button"
          type="button"
        >
          4
        </button>
        <button
          class="button"
          type="button"
        >
          5
        </button>
        <button
          class="button"
          type="button"
        >
          6
        </button>
        <button
          class="button"
          style="background-color: orange;"
          type="button"
        >
          -
        </button>
      </div>
      <div
        class="button-row"
      >
        <button
          class="button"
          type="button"
        >
          1
        </button>
        <button
          class="button"
          type="button"
        >
          2
        </button>
        <button
          class="button"
          type="button"
        >
          3
        </button>
        <button
          class="button"
          style="background-color: orange;"
          type="button"
        >
          +
        </button>
      </div>
      <div
        class="button-row"
      >
        <button
          class="zero-btn"
          type="button"
        >
          0
        </button>
        <button
          class="button"
          type="button"
        >
          .
        </button>
        <button
          class="button"
          style="background-color: orange;"
          type="button"
        >
          =
        </button>
      </div>
    </div>
  </div>
</DocumentFragment>
`;
