// Jest Snapshot v1, https://goo.gl/fbAQLP

exports[`should take a snapshot 1`] = `
<DocumentFragment>
  <h1
    class="display"
  >
    some value
  </h1>
</DocumentFragment>
`;
