// Jest Snapshot v1, https://goo.gl/fbAQLP

exports[`should take a snapshot 1`] = `
<DocumentFragment>
  <div
    class="quote"
  >
    <h2>
      Mathematics is not about numbers, equations, computations, or algorithms: it is about understanding.
      <span>
        â€“William Paul Thurston
      </span>
    </h2>
  </div>
</DocumentFragment>
`;
